# ingesta extension3  2022-09-01 -> 2023-08-31  53 dias  inicio 09:48:47

[equities] cierre y volumen del subyacente...
  ERROR: BentoClientError: 422 data_start_before_available_start
`start` in query ('2022-07-18 00:00:00+00:00') was before the available start of dataset EQUS.SUMMARY ('2024-07-01 00:00:00+00:00'). Try requesting with a later `start`.
documentation: https://databento.com/docs/api-reference-historical/basics/datasets

[calidad] 6 dias con calidad reducida segun Databento:
    2022-09-05  missing
    2022-11-24  missing
    2022-12-26  missing
    2023-01-02  missing
    2023-01-16  missing
    2023-02-20  missing
    (se ingestan igual, quedan marcados para excluirlos en la puerta P2)

[opciones] 53 dias por bajar, 4 en paralelo
  fecha        contratos        OI   quotes   unidos  pub  desc%   def    oi  cbbo  notas
  2022-09-16      68,168    68,168   61,387   49,176    1   9.9%    28    41    43  
  2022-09-23      67,236    67,236   61,392   48,692    1   8.7%    28    51    49  
  2022-09-09      68,574    68,574   61,913   49,155    1   9.7%    30    21   115  
  2022-09-02      69,118    69,118   62,138   49,546    1  10.1%    31    27   112  
  2022-09-30      67,376    67,376   61,523   49,420    1   8.7%    15    37    41  
  2022-10-07      68,294    68,294   62,631   48,985    1   8.3%    39    13    43  
  2022-10-21      65,882    65,882   60,274   48,723    1   8.5%    27    21    20  
  2022-10-14      68,494    68,494   63,092   49,276    1   7.9%    20    17    60  
  2022-10-28      65,064    65,064   59,638   47,683    1   8.3%    12    14    43  
  2022-11-04      65,914    65,914   59,988   47,300    1   9.0%    29    23    47  
  2022-11-11      66,874    66,874   61,055   48,176    1   8.7%    31    21    58  
  2022-11-25      64,478    64,478   57,341   44,967    1  11.1%    23    23    34  
  2022-11-18      65,448    65,448   58,722   47,203    1  10.3%    37    24    61  
  2022-12-02      62,364    62,364   55,714   43,925    1  10.7%    20    23    40  
  2022-12-16      60,646    60,646   53,701   41,853    1  11.5%    25    27    27  
  2022-12-09      60,644    60,644   54,357   43,088    1  10.4%    16    26    53  
  2022-12-23      59,994    59,994   53,003   40,557    1  11.7%    19    35    36  
  2022-12-30      60,248    60,248   53,432   40,552    1  11.3%    20    26    34  
  2023-01-06      61,992    61,992   55,191   40,739    1  11.0%    34    17    49  
  2023-01-27      62,138    62,138   56,176   42,416    1   9.6%    14    13    25  
  ... 20/53 · 8.9 min transcurridos · faltan ~15 min
  2023-01-13      63,542    63,542   56,178   42,199    1  11.6%    17    18    70  
  2023-01-20      61,610    61,610   54,143   41,406    1  12.1%    24    39    40  
  2023-02-17      63,206    63,206   56,423   44,067    1  10.7%    18    22    40  
