# ingesta extension  2024-09-01 -> 2025-08-31  52 dias  inicio 21:41:43

[equities] cierre y volumen del subyacente...
  8,992 filas guardadas en equities/daily_extension.parquet

[opciones] 52 dias por bajar, 4 en paralelo
  fecha        contratos        OI   quotes   unidos  pub  desc%   def    oi  cbbo  notas
  2024-09-06      81,894 1,364,542   75,588   58,184   17   7.2%    15    23    57  publishers/contrato varia: 17-18
  2024-09-20      81,748 1,424,484   74,899   58,320   18   7.8%    24    33    47  
  2024-09-13      82,754 1,451,772   75,760   58,646   18   7.8%    21    52    81  
  2024-09-27      83,288 1,457,172   75,917   58,691   18   8.2%    22    75    67  
  2024-10-11      84,604 1,490,832   77,203   60,116   18   8.2%    45    49    47  
  2024-10-04      83,564 1,470,204   76,593   59,248   18   7.8%    23    59    73  
  2024-10-18      82,514 1,459,296   74,872   59,987   18   8.7%    31    41    73  
  2024-10-25      80,618 1,422,432   74,035   59,857   18   7.6%    34    45   108  
  2024-11-01      82,600 1,442,232   75,300   60,036   18   8.2%    18    77    44  
  2024-11-08      85,760 1,486,332   77,524   60,826   18   9.0%    34    76    45  
  2024-11-15      86,560 1,529,460   78,091   62,690   18   9.2%    46    33    56  
  2024-11-22      87,546 1,521,432   78,691   62,801   18   9.6%    28    43    64  
  2024-11-29      87,240 1,531,152   77,989   62,233   18  10.1%    25    36    75  MEDIA SESION: cotizaciones tomadas a las 13:00 ET
  2024-12-06      88,392 1,517,688   79,850   62,945   18   9.3%    31    53    74  
  2024-12-13      89,912 1,589,796   81,633   65,178   18   8.8%    28    42    80  
  2024-12-20      88,251 1,560,672   79,051   64,151   18   9.9%    27    48    60  
  2024-12-27      87,566 1,524,168   79,000   62,665   18   9.3%    38    43    71  
  2025-01-03      86,628 1,502,208   78,252   62,038   18   9.1%    28    41    61  
  2025-01-10      88,184 1,535,112   79,235   62,487   18   9.1%    38    45    55  
  2025-01-17      85,838 1,521,468   77,653   62,821   18   9.0%    17    45    59  
  ... 20/52 · 12.4 min transcurridos · faltan ~20 min
  2025-01-31      89,532 1,559,952   81,897   64,886   18   8.0%    20    61    66  
  2025-02-07      89,030 1,562,760   81,131   64,588   18   8.4%    24    46    60  
  2025-01-24      85,472 1,483,164   78,166   62,694   18   8.0%    32    68    83  
  2025-02-14      90,120 1,561,536   81,664   64,313   18   8.8%    32    54    42  
  2025-02-21      88,138 1,573,704   80,180   64,661   18   7.3%    20    58    77  
  2025-02-28      89,518 1,575,900   81,520   64,399   18   7.3%    40    41    88  
  2025-03-07      91,374 1,596,744   83,416   65,364   18   6.9%    39    50    96  
  2025-03-14      92,074 1,628,892   83,617   65,925   18   7.4%    29    52    93  
  2025-03-21      88,154 1,578,672   79,476   63,822   18   8.0%    30    44    68  
  2025-04-18           0         0        0        0    0   0.0%     0     0     0  ERROR BentoClientError: 422 symbology_invalid_request
Could not resolve smart symbols: AAPL.OPT,MSFT.OPT,NVDA.OPT,AMD.OPT,AMZN.OPT,GOOGL.OPT,META.OPT,TSLA.OPT,NFLX.OPT,JPM.OPT,BAC.OPT,XOM.OPT,CVX.OPT,DIS.OPT,BA.OPT,WMT.OPT,KO.OPT,PG.OPT,PLTR.OPT,COIN.OPT,MSTR.OPT,GME.OPT,RIVN.OPT,SOFI.OPT,UBER.OPT,SHOP.OPT,MU.OPT,CRM.OPT,GS.OPT,CAT.OPT,SPY.OPT,QQQ.OPT
documentation: https://databento.com/docs/api-reference-historical/basics/symbology
  2025-03-28      89,406 1,552,500   81,489   63,298   18   7.3%    30    38    70  
  2025-04-04      90,346 1,584,216   68,956   53,006   18  22.1%    28    30    65  
  2025-04-11      97,784 1,727,532   89,505   70,013   18   6.6%    29    40    71  
  2025-04-25      91,536 1,608,912   83,573   65,740   18   7.7%    28    39    60  
  2025-05-02      91,554 1,601,136   84,066   65,957   18   7.2%    24    38    59  
  2025-05-16      90,122 1,610,136   82,184   66,290   18   7.8%    21    51    58  
  2025-05-09      91,478 1,606,464   83,583   65,505   18   7.7%    26    75    74  
  2025-05-23      91,324 1,579,356   83,502   65,412   18   7.7%    41    53    68  
  2025-05-30      90,996 1,599,084   82,371   64,254   18   8.5%    57    50    67  
  2025-06-06      90,756 1,586,808   82,109   64,008   18   8.6%    39    42    64  
  ... 40/52 · 24.4 min transcurridos · faltan ~7 min
  2025-07-04           0         0        0        0    0   0.0%     0     0     0  ERROR BentoClientError: 422 symbology_invalid_request
Could not resolve smart symbols: AAPL.OPT,MSFT.OPT,NVDA.OPT,AMD.OPT,AMZN.OPT,GOOGL.OPT,META.OPT,TSLA.OPT,NFLX.OPT,JPM.OPT,BAC.OPT,XOM.OPT,CVX.OPT,DIS.OPT,BA.OPT,WMT.OPT,KO.OPT,PG.OPT,PLTR.OPT,COIN.OPT,MSTR.OPT,GME.OPT,RIVN.OPT,SOFI.OPT,UBER.OPT,SHOP.OPT,MU.OPT,CRM.OPT,GS.OPT,CAT.OPT,SPY.OPT,QQQ.OPT
documentation: https://databento.com/docs/api-reference-historical/basics/symbology
  2025-06-13      91,806 1,603,332   81,832   63,587   18   9.5%    35    48    65  
  2025-06-20      88,486 1,566,180   78,783   62,306   18   9.5%    30    61    59  
  2025-07-11      95,014 1,660,320   84,773   64,377   18   9.4%    32    30    57  
  2025-06-27      91,014 1,595,772   80,975   62,838   18   9.7%    43    61    68  
  2025-07-18      92,202 1,649,916   82,791   65,475   18   9.1%    20    37    87  
  2025-07-25      93,794 1,642,068   83,587   64,874   18   9.7%    34    36    69  
  2025-08-01      94,114 1,641,204   83,694   64,939   18   9.9%    32    54    62  
  2025-08-15      92,522 1,648,116   82,444   64,991   18   9.4%    40    37    61  
  2025-08-08      94,250 1,652,436   83,652   64,749   18   9.9%    35    65    70  
  2025-08-22      91,670 1,597,752   81,697   63,325   18   9.5%    27    34    70  
  2025-08-29      90,952 1,621,188   81,167   63,470   18   9.5%    32    36    68  
  ... 52/52 · 31.1 min transcurridos · faltan ~0 min

[feriados] 2 semanas sin datos en su ultimo dia habil; probando dias anteriores
  semana 2025-W16 resuelta con 2025-04-17  (66,755 contratos)
  semana 2025-W27 resuelta con 2025-07-03  (62,659 contratos)

# fin 22:16:41  ·  52 dias OK  ·  2 con error
# duracion total 34.9 min
# log: /Users/sant/Finance2026/GEX PROJECT /reports/ingesta_20260902_2141.log
